#	dockerd-configuration-options/TEST/setup-dockerd.sh/SA-shellcheck-001.expected  3.442.922  2019-10-02T16:40:39.504510-05:00 (CDT)  https://github.com/BradleyA/docker-security-infrastructure  uadmin  six-rpi3b.cptx86.com 3.441-2-g234c3e7  
#	   docker-security-infrastructure/dockerd-configuration-options   added test cases 
