
In SA-shellcheck-001 line 256:
ls -1 "${TLS_USER}" | grep "${CERT_CREATE_DATE}"
^-- SC2010: Don't use ls | grep. Use a glob or a for loop with a condition to allow non-alphanumeric filenames.

