
In SA-shellcheck-001 line 242:
ls -1 | grep "${CERT_CREATE_DATE}"
^-- SC2010: Don't use ls | grep. Use a glob or a for loop with a condition to allow non-alphanumeric filenames.

