#	ssh/TEST/check-user-ssh.sh/FVT-option-version-002.expected  3.407.878  2019-07-27T23:06:38.890822-05:00 (CDT)  https://github.com/BradleyA/docker-security-infrastructure  uadmin  six-rpi3b.cptx86.com 3.406  
#	   testing .git/hooks/pre- post- commit and FVT-option-help- test cases 
